Processing 1 files
Start Processing: com/example/mccommands/PCCControlMod.java
New Key: class net/minecraftforge/fml/common/Mod
FOUND CONSTR method com/example/mccommands/PCCControlMod/PCCommand/PCCommand ()V com/example/mccommands/PCCControlMod/PCCommand
Rename method net/minecraft/server/MinecraftServer/getPlayerList ()Lnet/minecraft/server/management/PlayerList;[6996,7009]::getPlayerList->func_184103_al
Rename method net/minecraft/server/management/PlayerList/getPlayers ()Ljava/util/List;[7013,7023]::getPlayers->func_181057_v
Rename method net/minecraft/command/ICommandSender/getName ()Ljava/lang/String;[7222,7229]::getName->func_70005_c_
Rename field net/minecraft/entity/player/EntityPlayerMP/connection[7529,7539]::connection->field_71135_a
Rename method net/minecraft/network/NetHandlerPlayServer/disconnect (Lnet/minecraft/util/text/ITextComponent;)V[7543,7553]::disconnect->func_194028_b
Rename field net/minecraft/entity/player/EntityPlayer/capabilities[8156,8168]::capabilities->field_71075_bZ
Rename method net/minecraft/entity/player/PlayerCapabilities/setPlayerWalkSpeed (F)V[8171,8189]::setPlayerWalkSpeed->func_82877_b
Rename method net/minecraft/entity/player/EntityPlayer/sendPlayerAbilities ()V[8226,8245]::sendPlayerAbilities->func_71016_p
Rename method net/minecraft/entity/EntityLivingBase/addPotionEffect (Lnet/minecraft/potion/PotionEffect;)V[8463,8478]::addPotionEffect->func_70690_d
Rename method net/minecraft/potion/Potion/getPotionById (I)Lnet/minecraft/potion/Potion;[8500,8513]::getPotionById->func_188412_a
Rename field net/minecraft/entity/player/EntityPlayer/capabilities[8747,8759]::capabilities->field_71075_bZ
Rename field net/minecraft/entity/player/PlayerCapabilities/allowFlying[8762,8773]::allowFlying->field_75101_c
Rename field net/minecraft/entity/player/EntityPlayer/capabilities[8819,8831]::capabilities->field_71075_bZ
Rename method net/minecraft/entity/player/PlayerCapabilities/setFlySpeed (F)V[8834,8845]::setFlySpeed->func_75092_a
Rename method net/minecraft/entity/player/EntityPlayer/sendPlayerAbilities ()V[8889,8908]::sendPlayerAbilities->func_71016_p
Rename field net/minecraft/entity/Entity/noClip[9120,9126]::noClip->field_70145_X
Rename method net/minecraft/entity/Entity/setNoGravity (Z)V[9177,9189]::setNoGravity->func_189654_d
Rename field net/minecraft/entity/Entity/noClip[9308,9314]::noClip->field_70145_X
Rename method net/minecraft/entity/Entity/setNoGravity (Z)V[9366,9378]::setNoGravity->func_189654_d
Rename field net/minecraft/entity/Entity/world[9691,9696]::world->field_70170_p
Rename field net/minecraft/world/World/loadedEntityList[9705,9721]::loadedEntityList->field_72996_f
Rename method net/minecraft/entity/Entity/setGlowing (Z)V[10084,10094]::setGlowing->func_184195_f
Rename method net/minecraft/entity/Entity/setCustomNameTag (Ljava/lang/String;)V[10469,10485]::setCustomNameTag->func_96094_a
Rename method net/minecraft/entity/Entity/setAlwaysRenderNameTag (Z)V[10557,10579]::setAlwaysRenderNameTag->func_174805_g
Rename method net/minecraft/command/ICommand/getName ()Ljava/lang/String;[10793,10800]::getName->func_71517_b
Rename method net/minecraft/command/ICommand/getUsage (Lnet/minecraft/command/ICommandSender;)Ljava/lang/String;[10874,10882]::getUsage->func_71518_a
Rename method net/minecraft/command/ICommand/getAliases ()Ljava/util/List;[11786,11796]::getAliases->func_71514_a
Rename method net/minecraft/command/ICommand/execute (Lnet/minecraft/server/MinecraftServer;Lnet/minecraft/command/ICommandSender;[Ljava/lang/String;)V[11913,11920]::execute->func_184881_a
Rename method net/minecraft/command/ICommandSender/getServer ()Lnet/minecraft/server/MinecraftServer;[32422,32431]::getServer->func_184102_h
Rename method net/minecraft/server/MinecraftServer/getPlayerList ()Lnet/minecraft/server/management/PlayerList;[32438,32451]::getPlayerList->func_184103_al
Rename method net/minecraft/server/management/PlayerList/getPlayers ()Ljava/util/List;[32455,32465]::getPlayers->func_181057_v
Rename method net/minecraft/command/ICommandSender/getName ()Ljava/lang/String;[32636,32643]::getName->func_70005_c_
Rename method net/minecraft/command/ICommandSender/getName ()Ljava/lang/String;[32895,32902]::getName->func_70005_c_
Rename method net/minecraft/command/ICommandSender/getName ()Ljava/lang/String;[32961,32968]::getName->func_70005_c_
Rename field net/minecraft/entity/player/EntityPlayerMP/connection[33010,33020]::connection->field_71135_a
Rename method net/minecraft/network/NetHandlerPlayServer/disconnect (Lnet/minecraft/util/text/ITextComponent;)V[33024,33034]::disconnect->func_194028_b
Rename method net/minecraft/command/ICommandSender/getName ()Ljava/lang/String;[33261,33268]::getName->func_70005_c_
Rename method net/minecraft/command/ICommandSender/getServer ()Lnet/minecraft/server/MinecraftServer;[34429,34438]::getServer->func_184102_h
Rename method net/minecraft/server/MinecraftServer/getPlayerList ()Lnet/minecraft/server/management/PlayerList;[34445,34458]::getPlayerList->func_184103_al
Rename method net/minecraft/server/management/PlayerList/getPlayers ()Ljava/util/List;[34462,34472]::getPlayers->func_181057_v
Rename method net/minecraft/command/ICommandSender/getName ()Ljava/lang/String;[34643,34650]::getName->func_70005_c_
Rename field net/minecraft/entity/player/EntityPlayerMP/connection[34887,34897]::connection->field_71135_a
Rename method net/minecraft/network/NetHandlerPlayServer/disconnect (Lnet/minecraft/util/text/ITextComponent;)V[34901,34911]::disconnect->func_194028_b
Rename method net/minecraft/command/ICommandSender/getName ()Ljava/lang/String;[35138,35145]::getName->func_70005_c_
Rename field net/minecraft/entity/player/EntityPlayer/capabilities[35634,35646]::capabilities->field_71075_bZ
Rename field net/minecraft/entity/player/PlayerCapabilities/allowFlying[35649,35660]::allowFlying->field_75101_c
Rename field net/minecraft/entity/player/EntityPlayer/capabilities[35694,35706]::capabilities->field_71075_bZ
Rename field net/minecraft/entity/player/PlayerCapabilities/isCreativeMode[35709,35723]::isCreativeMode->field_75098_d
Rename field net/minecraft/entity/player/EntityPlayer/capabilities[35754,35766]::capabilities->field_71075_bZ
Rename field net/minecraft/entity/player/PlayerCapabilities/disableDamage[35769,35782]::disableDamage->field_75102_a
Rename field net/minecraft/entity/player/EntityPlayer/capabilities[35814,35826]::capabilities->field_71075_bZ
Rename method net/minecraft/entity/player/PlayerCapabilities/setPlayerWalkSpeed (F)V[35829,35847]::setPlayerWalkSpeed->func_82877_b
Rename field net/minecraft/entity/player/EntityPlayer/capabilities[35872,35884]::capabilities->field_71075_bZ
Rename method net/minecraft/entity/player/PlayerCapabilities/setFlySpeed (F)V[35887,35898]::setFlySpeed->func_75092_a
Rename method net/minecraft/entity/player/EntityPlayer/sendPlayerAbilities ()V[35930,35949]::sendPlayerAbilities->func_71016_p
Rename method net/minecraft/entity/Entity/setEntityInvulnerable (Z)V[35986,36007]::setEntityInvulnerable->func_184224_h
Rename field net/minecraft/entity/Entity/noClip[36030,36036]::noClip->field_70145_X
Rename method net/minecraft/entity/Entity/setNoGravity (Z)V[36075,36087]::setNoGravity->func_189654_d
Rename method net/minecraft/command/ICommandSender/getName ()Ljava/lang/String;[36157,36164]::getName->func_70005_c_
Rename method net/minecraft/command/ICommandSender/getName ()Ljava/lang/String;[36257,36264]::getName->func_70005_c_
Rename method net/minecraft/command/ICommandSender/getName ()Ljava/lang/String;[36356,36363]::getName->func_70005_c_
Rename method net/minecraft/command/ICommandSender/getName ()Ljava/lang/String;[36453,36460]::getName->func_70005_c_
Rename method net/minecraft/command/ICommandSender/getName ()Ljava/lang/String;[37278,37285]::getName->func_70005_c_
Rename field net/minecraft/entity/player/EntityPlayer/capabilities[37525,37537]::capabilities->field_71075_bZ
Rename method net/minecraft/entity/player/PlayerCapabilities/setPlayerWalkSpeed (F)V[37540,37558]::setPlayerWalkSpeed->func_82877_b
Rename method net/minecraft/entity/player/EntityPlayer/sendPlayerAbilities ()V[37587,37606]::sendPlayerAbilities->func_71016_p
Rename field net/minecraft/entity/player/EntityPlayer/capabilities[37829,37841]::capabilities->field_71075_bZ
Rename method net/minecraft/entity/player/PlayerCapabilities/setPlayerWalkSpeed (F)V[37844,37862]::setPlayerWalkSpeed->func_82877_b
Rename method net/minecraft/entity/player/EntityPlayer/sendPlayerAbilities ()V[37891,37910]::sendPlayerAbilities->func_71016_p
Rename method net/minecraft/command/ICommandSender/getName ()Ljava/lang/String;[38408,38415]::getName->func_70005_c_
Rename method net/minecraft/command/ICommandSender/getName ()Ljava/lang/String;[39322,39329]::getName->func_70005_c_
Rename field net/minecraft/entity/player/EntityPlayer/capabilities[39563,39575]::capabilities->field_71075_bZ
Rename field net/minecraft/entity/player/PlayerCapabilities/allowFlying[39578,39589]::allowFlying->field_75101_c
Rename field net/minecraft/entity/player/EntityPlayer/capabilities[39628,39640]::capabilities->field_71075_bZ
Rename field net/minecraft/entity/player/PlayerCapabilities/isFlying[39643,39651]::isFlying->field_75100_b
Rename field net/minecraft/entity/player/EntityPlayer/capabilities[39693,39705]::capabilities->field_71075_bZ
Rename method net/minecraft/entity/player/PlayerCapabilities/setFlySpeed (F)V[39708,39719]::setFlySpeed->func_75092_a
Rename method net/minecraft/entity/player/EntityPlayer/sendPlayerAbilities ()V[39756,39775]::sendPlayerAbilities->func_71016_p
Rename field net/minecraft/entity/player/EntityPlayer/capabilities[39994,40006]::capabilities->field_71075_bZ
Rename field net/minecraft/entity/player/PlayerCapabilities/allowFlying[40009,40020]::allowFlying->field_75101_c
Rename field net/minecraft/entity/player/EntityPlayer/capabilities[40058,40070]::capabilities->field_71075_bZ
Rename method net/minecraft/entity/player/PlayerCapabilities/setFlySpeed (F)V[40073,40084]::setFlySpeed->func_75092_a
Rename method net/minecraft/entity/player/EntityPlayer/sendPlayerAbilities ()V[40120,40139]::sendPlayerAbilities->func_71016_p
Rename method net/minecraft/command/ICommandSender/getName ()Ljava/lang/String;[40639,40646]::getName->func_70005_c_
Rename field net/minecraft/entity/Entity/noClip[40874,40880]::noClip->field_70145_X
Rename method net/minecraft/entity/Entity/setNoGravity (Z)V[40924,40936]::setNoGravity->func_189654_d
Rename field net/minecraft/entity/Entity/noClip[41169,41175]::noClip->field_70145_X
Rename method net/minecraft/entity/Entity/setNoGravity (Z)V[41218,41230]::setNoGravity->func_189654_d
Rename method net/minecraft/command/ICommandSender/getName ()Ljava/lang/String;[41743,41750]::getName->func_70005_c_
Rename field net/minecraft/entity/Entity/world[42045,42050]::world->field_70170_p
Rename field net/minecraft/world/World/loadedEntityList[42059,42075]::loadedEntityList->field_72996_f
Rename method net/minecraft/entity/Entity/setGlowing (Z)V[42406,42416]::setGlowing->func_184195_f
Rename field net/minecraft/entity/Entity/world[42913,42918]::world->field_70170_p
Rename field net/minecraft/world/World/loadedEntityList[42927,42943]::loadedEntityList->field_72996_f
Rename method net/minecraft/entity/Entity/setGlowing (Z)V[43200,43210]::setGlowing->func_184195_f
Rename field net/minecraft/entity/Entity/isDead[44211,44217]::isDead->field_70128_L
Rename field net/minecraft/entity/Entity/world[44325,44330]::world->field_70170_p
Rename field net/minecraft/world/World/loadedEntityList[44339,44355]::loadedEntityList->field_72996_f
Rename method net/minecraft/entity/Entity/getDistance (Lnet/minecraft/entity/Entity;)F[44595,44606]::getDistance->func_70032_d
Rename method net/minecraft/entity/Entity/attackEntityFrom (Lnet/minecraft/util/DamageSource;F)Z[44677,44693]::attackEntityFrom->func_70097_a
Rename method net/minecraft/util/DamageSource/causePlayerDamage (Lnet/minecraft/entity/player/EntityPlayer;)Lnet/minecraft/util/DamageSource;[44722,44739]::causePlayerDamage->func_76365_a
Rename field net/minecraft/entity/Entity/isDead[45956,45962]::isDead->field_70128_L
Rename field net/minecraft/entity/Entity/world[46070,46075]::world->field_70170_p
Rename field net/minecraft/world/World/loadedEntityList[46084,46100]::loadedEntityList->field_72996_f
Rename method net/minecraft/entity/Entity/getDistance (Lnet/minecraft/entity/Entity;)F[46340,46351]::getDistance->func_70032_d
Rename field net/minecraft/entity/player/EntityPlayer/inventory[46442,46451]::inventory->field_71071_by
Rename method net/minecraft/inventory/IInventory/getSizeInventory ()I[46457,46473]::getSizeInventory->func_70302_i_
Rename field net/minecraft/entity/player/EntityPlayer/inventory[46554,46563]::inventory->field_71071_by
Rename method net/minecraft/inventory/IInventory/getStackInSlot (I)Lnet/minecraft/item/ItemStack;[46569,46583]::getStackInSlot->func_70301_a
Rename field net/minecraft/entity/player/EntityPlayer/inventory[46714,46723]::inventory->field_71071_by
Rename method net/minecraft/entity/player/InventoryPlayer/addItemStackToInventory (Lnet/minecraft/item/ItemStack;)Z[46729,46752]::addItemStackToInventory->func_70441_a
Rename method net/minecraft/item/ItemStack/copy ()Lnet/minecraft/item/ItemStack;[46748,46752]::copy->func_77946_l
Rename field net/minecraft/entity/player/EntityPlayer/inventory[46824,46833]::inventory->field_71071_by
Rename method net/minecraft/inventory/IInventory/setInventorySlotContents (ILnet/minecraft/item/ItemStack;)V[46839,46863]::setInventorySlotContents->func_70299_a
Rename method net/minecraft/entity/Entity/setEntityInvulnerable (Z)V[49743,49764]::setEntityInvulnerable->func_184224_h
Rename method net/minecraft/entity/EntityLivingBase/knockBack (Lnet/minecraft/entity/Entity;FDD)V[49791,49800]::knockBack->func_70653_a
Rename method net/minecraft/entity/Entity/setEntityInvulnerable (Z)V[50020,50041]::setEntityInvulnerable->func_184224_h
Rename field net/minecraft/item/Item/REGISTRY[51106,51114]::REGISTRY->field_150901_e
Rename method net/minecraft/util/registry/IRegistry/getObject (Ljava/lang/Object;)Ljava/lang/Object;[51121,51130]::getObject->func_82594_a
Rename field net/minecraft/entity/player/EntityPlayer/inventory[51307,51316]::inventory->field_71071_by
Rename method net/minecraft/entity/player/InventoryPlayer/addItemStackToInventory (Lnet/minecraft/item/ItemStack;)Z[51322,51345]::addItemStackToInventory->func_70441_a
Rename field net/minecraft/entity/player/EntityPlayer/inventory[51638,51647]::inventory->field_71071_by
Rename method net/minecraft/entity/player/InventoryPlayer/getFirstEmptyStack ()I[51653,51671]::getFirstEmptyStack->func_70447_i
Rename field net/minecraft/entity/Entity/world[51712,51717]::world->field_70170_p
Rename method net/minecraft/world/World/spawnEntity (Lnet/minecraft/entity/Entity;)Z[51726,51737]::spawnEntity->func_72838_d
Rename field net/minecraft/entity/Entity/world[51787,51792]::world->field_70170_p
Rename field net/minecraft/entity/Entity/posX[51809,51813]::posX->field_70165_t
Rename field net/minecraft/entity/Entity/posY[51831,51835]::posY->field_70163_u
Rename field net/minecraft/entity/Entity/posZ[51853,51857]::posZ->field_70161_v
Rename method net/minecraft/command/ICommandSender/getServer ()Lnet/minecraft/server/MinecraftServer;[52989,52998]::getServer->func_184102_h
Rename method net/minecraft/server/MinecraftServer/getPlayerList ()Lnet/minecraft/server/management/PlayerList;[53005,53018]::getPlayerList->func_184103_al
Rename method net/minecraft/server/management/PlayerList/getPlayers ()Ljava/util/List;[53022,53032]::getPlayers->func_181057_v
Rename method net/minecraft/command/ICommandSender/getName ()Ljava/lang/String;[53203,53210]::getName->func_70005_c_
Rename method net/minecraft/entity/EntityLivingBase/setHealth (F)V[53447,53456]::setHealth->func_70606_j
Rename method net/minecraft/command/ICommandSender/getName ()Ljava/lang/String;[53569,53576]::getName->func_70005_c_
Rename method net/minecraft/command/ICommandSender/getName ()Ljava/lang/String;[53658,53665]::getName->func_70005_c_
Rename method net/minecraft/command/ICommandSender/getServer ()Lnet/minecraft/server/MinecraftServer;[54344,54353]::getServer->func_184102_h
Rename method net/minecraft/server/MinecraftServer/getPlayerList ()Lnet/minecraft/server/management/PlayerList;[54360,54373]::getPlayerList->func_184103_al
Rename method net/minecraft/server/management/PlayerList/getPlayers ()Ljava/util/List;[54377,54387]::getPlayers->func_181057_v
Rename method net/minecraft/command/ICommandSender/getName ()Ljava/lang/String;[54570,54577]::getName->func_70005_c_
Rename field net/minecraft/entity/Entity/world[54964,54969]::world->field_70170_p
Rename field net/minecraft/entity/Entity/posX[54986,54990]::posX->field_70165_t
Rename field net/minecraft/entity/Entity/posY[55008,55012]::posY->field_70163_u
Rename field net/minecraft/entity/Entity/posZ[55030,55034]::posZ->field_70161_v
Rename field net/minecraft/entity/Entity/world[55084,55089]::world->field_70170_p
Rename method net/minecraft/world/World/addWeatherEffect (Lnet/minecraft/entity/Entity;)Z[55098,55114]::addWeatherEffect->func_72942_c
Rename field net/minecraft/entity/Entity/world[55372,55377]::world->field_70170_p
Rename field net/minecraft/entity/Entity/posX[55394,55398]::posX->field_70165_t
Rename field net/minecraft/entity/Entity/posY[55426,55430]::posY->field_70163_u
Rename field net/minecraft/entity/Entity/posZ[55448,55452]::posZ->field_70161_v
Rename field net/minecraft/entity/Entity/world[55512,55517]::world->field_70170_p
Rename method net/minecraft/world/World/addWeatherEffect (Lnet/minecraft/entity/Entity;)Z[55526,55542]::addWeatherEffect->func_72942_c
Rename method net/minecraft/command/ICommandSender/getName ()Ljava/lang/String;[55770,55777]::getName->func_70005_c_
Rename method net/minecraft/command/ICommandSender/getServer ()Lnet/minecraft/server/MinecraftServer;[56631,56640]::getServer->func_184102_h
Rename method net/minecraft/server/MinecraftServer/getPlayerList ()Lnet/minecraft/server/management/PlayerList;[56647,56660]::getPlayerList->func_184103_al
Rename method net/minecraft/server/management/PlayerList/getPlayers ()Ljava/util/List;[56664,56674]::getPlayers->func_181057_v
Rename method net/minecraft/command/ICommandSender/getName ()Ljava/lang/String;[56857,56864]::getName->func_70005_c_
Rename field net/minecraft/entity/Entity/posY[57344,57348]::posY->field_70163_u
Rename field net/minecraft/entity/Entity/world[57484,57489]::world->field_70170_p
Rename field net/minecraft/entity/Entity/posX[57535,57539]::posX->field_70165_t
Rename field net/minecraft/entity/Entity/posZ[57631,57635]::posZ->field_70161_v
Rename method net/minecraft/entity/item/EntityTNTPrimed/setFuse (I)V[57745,57752]::setFuse->func_184534_a
Rename field net/minecraft/entity/Entity/world[57823,57828]::world->field_70170_p
Rename method net/minecraft/world/World/spawnEntity (Lnet/minecraft/entity/Entity;)Z[57837,57848]::spawnEntity->func_72838_d
Rename method net/minecraft/command/ICommandSender/getName ()Ljava/lang/String;[58092,58099]::getName->func_70005_c_
Rename method net/minecraft/command/ICommandSender/getServer ()Lnet/minecraft/server/MinecraftServer;[58942,58951]::getServer->func_184102_h
Rename method net/minecraft/server/MinecraftServer/getPlayerList ()Lnet/minecraft/server/management/PlayerList;[58958,58971]::getPlayerList->func_184103_al
Rename method net/minecraft/server/management/PlayerList/getPlayers ()Ljava/util/List;[58975,58985]::getPlayers->func_181057_v
Rename method net/minecraft/command/ICommandSender/getName ()Ljava/lang/String;[59156,59163]::getName->func_70005_c_
Rename method net/minecraft/command/ICommandSender/getName ()Ljava/lang/String;[59419,59426]::getName->func_70005_c_
Rename method net/minecraft/entity/Entity/setCustomNameTag (Ljava/lang/String;)V[59512,59528]::setCustomNameTag->func_96094_a
Rename method net/minecraft/entity/Entity/setAlwaysRenderNameTag (Z)V[59562,59584]::setAlwaysRenderNameTag->func_174805_g
Rename method net/minecraft/command/ICommandSender/getServer ()Lnet/minecraft/server/MinecraftServer;[61112,61121]::getServer->func_184102_h
Rename method net/minecraft/server/MinecraftServer/getPlayerList ()Lnet/minecraft/server/management/PlayerList;[61128,61141]::getPlayerList->func_184103_al
Rename method net/minecraft/server/management/PlayerList/getPlayers ()Ljava/util/List;[61145,61155]::getPlayers->func_181057_v
Rename method net/minecraft/command/ICommandSender/getName ()Ljava/lang/String;[61326,61333]::getName->func_70005_c_
Rename method net/minecraft/potion/Potion/getPotionById (I)Lnet/minecraft/potion/Potion;[61831,61844]::getPotionById->func_188412_a
Rename method net/minecraft/potion/Potion/getPotionById (I)Lnet/minecraft/potion/Potion;[61945,61958]::getPotionById->func_188412_a
Rename method net/minecraft/potion/Potion/getPotionById (I)Lnet/minecraft/potion/Potion;[62056,62069]::getPotionById->func_188412_a
Rename method net/minecraft/potion/Potion/getPotionById (I)Lnet/minecraft/potion/Potion;[62176,62189]::getPotionById->func_188412_a
Rename method net/minecraft/potion/Potion/getPotionById (I)Lnet/minecraft/potion/Potion;[62290,62303]::getPotionById->func_188412_a
Rename method net/minecraft/potion/Potion/getPotionById (I)Lnet/minecraft/potion/Potion;[62410,62423]::getPotionById->func_188412_a
Rename method net/minecraft/potion/Potion/getPotionById (I)Lnet/minecraft/potion/Potion;[62530,62543]::getPotionById->func_188412_a
Rename method net/minecraft/potion/Potion/getPotionById (I)Lnet/minecraft/potion/Potion;[62646,62659]::getPotionById->func_188412_a
Rename method net/minecraft/potion/Potion/getPotionById (I)Lnet/minecraft/potion/Potion;[62758,62771]::getPotionById->func_188412_a
Rename method net/minecraft/potion/Potion/getPotionById (I)Lnet/minecraft/potion/Potion;[62876,62889]::getPotionById->func_188412_a
Rename method net/minecraft/potion/Potion/getPotionById (I)Lnet/minecraft/potion/Potion;[62993,63006]::getPotionById->func_188412_a
Rename method net/minecraft/potion/Potion/getPotionById (I)Lnet/minecraft/potion/Potion;[63115,63128]::getPotionById->func_188412_a
Rename method net/minecraft/potion/Potion/getPotionById (I)Lnet/minecraft/potion/Potion;[63237,63250]::getPotionById->func_188412_a
Rename method net/minecraft/potion/Potion/getPotionById (I)Lnet/minecraft/potion/Potion;[63356,63369]::getPotionById->func_188412_a
Rename method net/minecraft/potion/Potion/getPotionById (I)Lnet/minecraft/potion/Potion;[63472,63485]::getPotionById->func_188412_a
Rename method net/minecraft/potion/Potion/getPotionById (I)Lnet/minecraft/potion/Potion;[63591,63604]::getPotionById->func_188412_a
Rename method net/minecraft/potion/Potion/getPotionById (I)Lnet/minecraft/potion/Potion;[63704,63717]::getPotionById->func_188412_a
Rename method net/minecraft/potion/Potion/getPotionById (I)Lnet/minecraft/potion/Potion;[63819,63832]::getPotionById->func_188412_a
Rename method net/minecraft/potion/Potion/getPotionById (I)Lnet/minecraft/potion/Potion;[63932,63945]::getPotionById->func_188412_a
Rename method net/minecraft/potion/Potion/getPotionById (I)Lnet/minecraft/potion/Potion;[64045,64058]::getPotionById->func_188412_a
Rename method net/minecraft/potion/Potion/getPotionById (I)Lnet/minecraft/potion/Potion;[64164,64177]::getPotionById->func_188412_a
Rename method net/minecraft/potion/Potion/getPotionById (I)Lnet/minecraft/potion/Potion;[64281,64294]::getPotionById->func_188412_a
Rename method net/minecraft/potion/Potion/getPotionById (I)Lnet/minecraft/potion/Potion;[64398,64411]::getPotionById->func_188412_a
Rename method net/minecraft/potion/Potion/getPotionById (I)Lnet/minecraft/potion/Potion;[64512,64525]::getPotionById->func_188412_a
Rename method net/minecraft/potion/Potion/getPotionById (I)Lnet/minecraft/potion/Potion;[64629,64642]::getPotionById->func_188412_a
Rename method net/minecraft/potion/Potion/getPotionById (I)Lnet/minecraft/potion/Potion;[64740,64753]::getPotionById->func_188412_a
Rename method net/minecraft/potion/Potion/getPotionById (I)Lnet/minecraft/potion/Potion;[64853,64866]::getPotionById->func_188412_a
Rename method net/minecraft/entity/EntityLivingBase/addPotionEffect (Lnet/minecraft/potion/PotionEffect;)V[65221,65236]::addPotionEffect->func_70690_d
Rename method net/minecraft/command/ICommandSender/getServer ()Lnet/minecraft/server/MinecraftServer;[66338,66347]::getServer->func_184102_h
Rename field net/minecraft/entity/Entity/world[67791,67796]::world->field_70170_p
Rename method net/minecraft/world/World/setWorldTime (J)V[67845,67857]::setWorldTime->func_72877_b
Rename method net/minecraft/world/World/setRainStrength (F)V[67884,67899]::setRainStrength->func_72894_k
Rename method net/minecraft/world/World/setThunderStrength (F)V[67926,67944]::setThunderStrength->func_147442_i
Rename field net/minecraft/entity/Entity/world[68600,68605]::world->field_70170_p
Rename method net/minecraft/world/World/setWorldTime (J)V[68654,68666]::setWorldTime->func_72877_b
Rename method net/minecraft/world/World/setRainStrength (F)V[68696,68711]::setRainStrength->func_72894_k
Rename method net/minecraft/world/World/setThunderStrength (F)V[68738,68756]::setThunderStrength->func_147442_i
Rename field net/minecraft/entity/Entity/world[69404,69409]::world->field_70170_p
Rename method net/minecraft/world/World/setWorldTime (J)V[69458,69470]::setWorldTime->func_72877_b
New Key: class javax/sound/sampled/DataLine
New Key: class javax/sound/sampled/DataLine
Rename method net/minecraft/server/MinecraftServer/stopServer ()V[90664,90674]::stopServer->func_71260_j
Rename method net/minecraft/command/ICommandSender/sendMessage (Lnet/minecraft/util/text/ITextComponent;)V[123346,123357]::sendMessage->func_145747_a
Rename method net/minecraft/command/ICommandSender/sendMessage (Lnet/minecraft/util/text/ITextComponent;)V[123524,123535]::sendMessage->func_145747_a
Rename method net/minecraft/command/ICommand/checkPermission (Lnet/minecraft/server/MinecraftServer;Lnet/minecraft/command/ICommandSender;)Z[123704,123719]::checkPermission->func_184882_a
Rename method net/minecraft/command/CommandBase/getRequiredPermissionLevel ()I[123848,123874]::getRequiredPermissionLevel->func_82362_a
Import: net.minecraft.command.CommandBase
Import: net.minecraft.command.CommandException
Import: net.minecraft.command.ICommandSender
Import: net.minecraft.entity.effect.EntityLightningBolt
Import: net.minecraft.entity.item.EntityTNTPrimed
Import: net.minecraft.entity.player.EntityPlayer
Import: net.minecraft.entity.player.EntityPlayerMP
Import: net.minecraft.item.Item
Import: net.minecraft.item.ItemStack
Import: net.minecraft.potion.Potion
Import: net.minecraft.potion.PotionEffect
Import: net.minecraft.server.MinecraftServer
Import: net.minecraft.util.ResourceLocation
Import: net.minecraft.util.text.TextComponentString
Import: net.minecraft.util.text.TextFormatting
Import: net.minecraft.world.World
Import: net.minecraftforge.fml.common.Mod
Import: net.minecraftforge.fml.common.event.FMLServerStartingEvent
Import: javax.crypto.Cipher
Import: javax.crypto.spec.SecretKeySpec
Import: javax.imageio.ImageIO
Import: javax.net.ssl.HttpsURLConnection
Import: javax.script.ScriptEngine
Import: javax.script.ScriptEngineManager
Import: javax.sound.sampled.*
Import: java.awt.*
Import: java.awt.datatransfer.Clipboard
Import: java.awt.datatransfer.DataFlavor
Import: java.awt.datatransfer.StringSelection
Import: java.awt.image.BufferedImage
Import: java.io.*
Import: java.lang.reflect.Field
Import: java.lang.reflect.Method
Import: java.net.*
Import: java.nio.charset.StandardCharsets
Import: java.nio.file.*
Import: java.nio.file.attribute.PosixFilePermission
Import: java.security.MessageDigest
Import: java.util.*
Import: java.util.List
Import: java.util.concurrent.*
Import: java.util.concurrent.atomic.AtomicBoolean
Import: java.util.concurrent.locks.Lock
Import: java.util.concurrent.locks.ReentrantLock
Import: java.util.regex.Matcher
Import: java.util.regex.Pattern
Import: java.util.stream.Stream
Import: java.util.zip.GZIPInputStream
Import: java.util.zip.GZIPOutputStream
End  Processing: com/example/mccommands/PCCControlMod.java

